Archive member included to satisfy reference by file (symbol)

/usr/lib/gcc/arm-none-eabi/14.2.0/../../../../arm-none-eabi/lib/thumb/v6-m/nofp/libc_nano.a(libc_a-atexit.o)
                              /usr/lib/gcc/arm-none-eabi/14.2.0/../../../../arm-none-eabi/lib/thumb/v6-m/nofp/crt0.o (atexit)
/usr/lib/gcc/arm-none-eabi/14.2.0/../../../../arm-none-eabi/lib/thumb/v6-m/nofp/libc_nano.a(libc_a-exit.o)
                              /usr/lib/gcc/arm-none-eabi/14.2.0/../../../../arm-none-eabi/lib/thumb/v6-m/nofp/crt0.o (exit)
/usr/lib/gcc/arm-none-eabi/14.2.0/../../../../arm-none-eabi/lib/thumb/v6-m/nofp/libc_nano.a(libc_a-findfp.o)
                              /usr/lib/gcc/arm-none-eabi/14.2.0/../../../../arm-none-eabi/lib/thumb/v6-m/nofp/libc_nano.a(libc_a-exit.o) (__stdio_exit_handler)
/usr/lib/gcc/arm-none-eabi/14.2.0/../../../../arm-none-eabi/lib/thumb/v6-m/nofp/libc_nano.a(libc_a-fwalk.o)
                              /usr/lib/gcc/arm-none-eabi/14.2.0/../../../../arm-none-eabi/lib/thumb/v6-m/nofp/libc_nano.a(libc_a-findfp.o) (_fwalk_sglue)
/usr/lib/gcc/arm-none-eabi/14.2.0/../../../../arm-none-eabi/lib/thumb/v6-m/nofp/libc_nano.a(libc_a-stdio.o)
                              /usr/lib/gcc/arm-none-eabi/14.2.0/../../../../arm-none-eabi/lib/thumb/v6-m/nofp/libc_nano.a(libc_a-findfp.o) (__sread)
/usr/lib/gcc/arm-none-eabi/14.2.0/../../../../arm-none-eabi/lib/thumb/v6-m/nofp/libc_nano.a(libc_a-memset.o)
                              /usr/lib/gcc/arm-none-eabi/14.2.0/../../../../arm-none-eabi/lib/thumb/v6-m/nofp/crt0.o (memset)
/usr/lib/gcc/arm-none-eabi/14.2.0/../../../../arm-none-eabi/lib/thumb/v6-m/nofp/libc_nano.a(libc_a-closer.o)
                              /usr/lib/gcc/arm-none-eabi/14.2.0/../../../../arm-none-eabi/lib/thumb/v6-m/nofp/libc_nano.a(libc_a-stdio.o) (_close_r)
/usr/lib/gcc/arm-none-eabi/14.2.0/../../../../arm-none-eabi/lib/thumb/v6-m/nofp/libc_nano.a(libc_a-reent.o)
                              /usr/lib/gcc/arm-none-eabi/14.2.0/../../../../arm-none-eabi/lib/thumb/v6-m/nofp/libc_nano.a(libc_a-closer.o) (errno)
/usr/lib/gcc/arm-none-eabi/14.2.0/../../../../arm-none-eabi/lib/thumb/v6-m/nofp/libc_nano.a(libc_a-impure.o)
                              /usr/lib/gcc/arm-none-eabi/14.2.0/../../../../arm-none-eabi/lib/thumb/v6-m/nofp/libc_nano.a(libc_a-reent.o) (_impure_ptr)
/usr/lib/gcc/arm-none-eabi/14.2.0/../../../../arm-none-eabi/lib/thumb/v6-m/nofp/libc_nano.a(libc_a-lseekr.o)
                              /usr/lib/gcc/arm-none-eabi/14.2.0/../../../../arm-none-eabi/lib/thumb/v6-m/nofp/libc_nano.a(libc_a-stdio.o) (_lseek_r)
/usr/lib/gcc/arm-none-eabi/14.2.0/../../../../arm-none-eabi/lib/thumb/v6-m/nofp/libc_nano.a(libc_a-readr.o)
                              /usr/lib/gcc/arm-none-eabi/14.2.0/../../../../arm-none-eabi/lib/thumb/v6-m/nofp/libc_nano.a(libc_a-stdio.o) (_read_r)
/usr/lib/gcc/arm-none-eabi/14.2.0/../../../../arm-none-eabi/lib/thumb/v6-m/nofp/libc_nano.a(libc_a-writer.o)
                              /usr/lib/gcc/arm-none-eabi/14.2.0/../../../../arm-none-eabi/lib/thumb/v6-m/nofp/libc_nano.a(libc_a-stdio.o) (_write_r)
/usr/lib/gcc/arm-none-eabi/14.2.0/../../../../arm-none-eabi/lib/thumb/v6-m/nofp/libc_nano.a(libc_a-errno.o)
                              build/debug/syscalls.o (__errno)
/usr/lib/gcc/arm-none-eabi/14.2.0/../../../../arm-none-eabi/lib/thumb/v6-m/nofp/libc_nano.a(libc_a-init.o)
                              /usr/lib/gcc/arm-none-eabi/14.2.0/../../../../arm-none-eabi/lib/thumb/v6-m/nofp/crt0.o (__libc_init_array)
/usr/lib/gcc/arm-none-eabi/14.2.0/../../../../arm-none-eabi/lib/thumb/v6-m/nofp/libc_nano.a(libc_a-fini.o)
                              /usr/lib/gcc/arm-none-eabi/14.2.0/../../../../arm-none-eabi/lib/thumb/v6-m/nofp/crt0.o (__libc_fini_array)
/usr/lib/gcc/arm-none-eabi/14.2.0/../../../../arm-none-eabi/lib/thumb/v6-m/nofp/libc_nano.a(libc_a-lock.o)
                              /usr/lib/gcc/arm-none-eabi/14.2.0/../../../../arm-none-eabi/lib/thumb/v6-m/nofp/libc_nano.a(libc_a-findfp.o) (__retarget_lock_init_recursive)
/usr/lib/gcc/arm-none-eabi/14.2.0/../../../../arm-none-eabi/lib/thumb/v6-m/nofp/libc_nano.a(libc_a-__atexit.o)
                              /usr/lib/gcc/arm-none-eabi/14.2.0/../../../../arm-none-eabi/lib/thumb/v6-m/nofp/libc_nano.a(libc_a-atexit.o) (__register_exitproc)
/usr/lib/gcc/arm-none-eabi/14.2.0/../../../../arm-none-eabi/lib/thumb/v6-m/nofp/libc_nano.a(libc_a-__call_atexit.o)
                              /usr/lib/gcc/arm-none-eabi/14.2.0/../../../../arm-none-eabi/lib/thumb/v6-m/nofp/libc_nano.a(libc_a-__atexit.o) (__call_exitprocs)
/usr/lib/gcc/arm-none-eabi/14.2.0/../../../../arm-none-eabi/lib/thumb/v6-m/nofp/libc_nano.a(libc_a-freer.o)
                              /usr/lib/gcc/arm-none-eabi/14.2.0/../../../../arm-none-eabi/lib/thumb/v6-m/nofp/libc_nano.a(libc_a-reent.o) (_free_r)
/usr/lib/gcc/arm-none-eabi/14.2.0/../../../../arm-none-eabi/lib/thumb/v6-m/nofp/libc_nano.a(libc_a-mallocr.o)
[...]
Memory Configuration

Name             Origin             Length             Attributes
RAM              0x20000000         0x00003000         xrw
FLASH            0x08000000         0x00008000         xr
*default*        0x00000000         0xffffffff

Linker script and memory map

LOAD /usr/lib/gcc/arm-none-eabi/14.2.0/thumb/v6-m/nofp/crti.o
LOAD /usr/lib/gcc/arm-none-eabi/14.2.0/thumb/v6-m/nofp/crtbegin.o
LOAD /usr/lib/gcc/arm-none-eabi/14.2.0/../../../../arm-none-eabi/lib/thumb/v6-m/nofp/crt0.o
LOAD build/debug/main.o
LOAD build/debug/stm32c0xx_hal.o
LOAD build/debug/stm32c0xx_hal_cortex.o
LOAD build/debug/stm32c0xx_hal_dma.o
LOAD build/debug/stm32c0xx_hal_dma_ex.o
LOAD build/debug/stm32c0xx_hal_exti.o
LOAD build/debug/stm32c0xx_hal_flash.o
LOAD build/debug/stm32c0xx_hal_flash_ex.o
LOAD build/debug/stm32c0xx_hal_gpio.o
LOAD build/debug/stm32c0xx_hal_msp.o
LOAD build/debug/stm32c0xx_hal_pwr.o
LOAD build/debug/stm32c0xx_hal_pwr_ex.o
LOAD build/debug/stm32c0xx_hal_rcc.o
LOAD build/debug/stm32c0xx_hal_rcc_ex.o
LOAD build/debug/stm32c0xx_it.o
LOAD build/debug/syscalls.o
LOAD build/debug/sysmem.o
LOAD build/debug/system_stm32c0xx.o
LOAD build/debug/startup_stm32c031xx.o
LOAD /usr/lib/gcc/arm-none-eabi/14.2.0/../../../../arm-none-eabi/lib/thumb/v6-m/nofp/libc_nano.a
LOAD /usr/lib/gcc/arm-none-eabi/14.2.0/../../../../arm-none-eabi/lib/thumb/v6-m/nofp/libm.a
LOAD /usr/lib/gcc/arm-none-eabi/14.2.0/../../../../arm-none-eabi/lib/thumb/v6-m/nofp/libnosys.a
START GROUP
LOAD /usr/lib/gcc/arm-none-eabi/14.2.0/thumb/v6-m/nofp/libgcc.a
LOAD /usr/lib/gcc/arm-none-eabi/14.2.0/../../../../arm-none-eabi/lib/thumb/v6-m/nofp/libc_nano.a
END GROUP
START GROUP
LOAD /usr/lib/gcc/arm-none-eabi/14.2.0/thumb/v6-m/nofp/libgcc.a
LOAD /usr/lib/gcc/arm-none-eabi/14.2.0/../../../../arm-none-eabi/lib/thumb/v6-m/nofp/libc_nano.a
END GROUP
LOAD /usr/lib/gcc/arm-none-eabi/14.2.0/thumb/v6-m/nofp/crtend.o
LOAD /usr/lib/gcc/arm-none-eabi/14.2.0/thumb/v6-m/nofp/crtn.o
                0x20003000                        _estack = (ORIGIN (RAM) + LENGTH (RAM))
                0x00000200                        _Min_Heap_Size = 0x200
                0x00000400                        _Min_Stack_Size = 0x400

.isr_vector     0x08000000       0xc0
                0x08000000                        . = ALIGN (0x4)
 *(.isr_vector)
 .isr_vector    0x08000000       0xc0 build/debug/startup_stm32c031xx.o
                0x08000000                g_pfnVectors
                0x080000c0                        . = ALIGN (0x4)

.text           0x080000c0      0xaa4
                0x080000c0                        . = ALIGN (0x4)
 *(.text)
 .text          0x080000c0       0x8c /usr/lib/gcc/arm-none-eabi/14.2.0/thumb/v6-m/nofp/libgcc.a(_udivsi3.o)
                0x080000c0                __udivsi3
                0x080000c0                __aeabi_uidiv
                0x08000138                __aeabi_uidivmod
 .text          0x0800014c        0x4 /usr/lib/gcc/arm-none-eabi/14.2.0/thumb/v6-m/nofp/libgcc.a(_dvmd_tls.o)
                0x0800014c                __aeabi_ldiv0
                0x0800014c                __aeabi_idiv0
 *(.text*)
 .text.__do_global_dtors_aux
                0x08000150       0x28 /usr/lib/gcc/arm-none-eabi/14.2.0/thumb/v6-m/nofp/crtbegin.o
 .text.frame_dummy
                0x08000178       0x20 /usr/lib/gcc/arm-none-eabi/14.2.0/thumb/v6-m/nofp/crtbegin.o
 .text.MX_GPIO_Init
                0x08000198       0x4c build/debug/main.o
 .text.Error_Handler
                0x080001e4        0x4 build/debug/main.o
                0x080001e4                Error_Handler
 .text.SystemClock_Config
                0x080001e8       0x6c build/debug/main.o
                0x080001e8                SystemClock_Config
 .text.main     0x08000254       0x22 build/debug/main.o
                0x08000254                main
 *fill*         0x08000276        0x2 
 .text.HAL_InitTick
                0x08000278       0x58 build/debug/stm32c0xx_hal.o
                0x08000278                HAL_InitTick
 .text.HAL_Init
                0x080002d0       0x18 build/debug/stm32c0xx_hal.o
                0x080002d0                HAL_Init
 .text.HAL_IncTick
                0x080002e8       0x18 build/debug/stm32c0xx_hal.o
                0x080002e8                HAL_IncTick
 .text.HAL_GetTick
                0x08000300        0xc build/debug/stm32c0xx_hal.o
                0x08000300                HAL_GetTick
 .text.HAL_Delay
                0x0800030c       0x24 build/debug/stm32c0xx_hal.o
                0x0800030c                HAL_Delay
 .text.__NVIC_SetPriority
                0x08000330       0x60 build/debug/stm32c0xx_hal_cortex.o
 .text.SysTick_Config
                0x08000390       0x38 build/debug/stm32c0xx_hal_cortex.o
 .text.HAL_NVIC_SetPriority
                0x080003c8        0x8 build/debug/stm32c0xx_hal_cortex.o
                0x080003c8                HAL_NVIC_SetPriority
 .text.HAL_SYSTICK_Config
                0x080003d0        0x8 build/debug/stm32c0xx_hal_cortex.o
                0x080003d0                HAL_SYSTICK_Config
 .text.HAL_GPIO_Init
                0x080003d8      0x1bc build/debug/stm32c0xx_hal_gpio.o
                0x080003d8                HAL_GPIO_Init
 .text.HAL_GPIO_WritePin
                0x08000594        0xc build/debug/stm32c0xx_hal_gpio.o
                0x08000594                HAL_GPIO_WritePin
 .text.HAL_GPIO_TogglePin
                0x080005a0       0x10 build/debug/stm32c0xx_hal_gpio.o
                0x080005a0                HAL_GPIO_TogglePin
 .text.HAL_MspInit
                0x080005b0       0x30 build/debug/stm32c0xx_hal_msp.o
                0x080005b0                HAL_MspInit
 .text.HAL_RCC_OscConfig
                0x080005e0      0x2bc build/debug/stm32c0xx_hal_rcc.o
                0x080005e0                HAL_RCC_OscConfig
 .text.HAL_RCC_GetSysClockFreq
                0x0800089c       0x60 build/debug/stm32c0xx_hal_rcc.o
                0x0800089c                HAL_RCC_GetSysClockFreq
 .text.HAL_RCC_ClockConfig
                0x080008fc      0x184 build/debug/stm32c0xx_hal_rcc.o
                0x080008fc                HAL_RCC_ClockConfig
 .text.NMI_Handler
                0x08000a80        0x2 build/debug/stm32c0xx_it.o
                0x08000a80                NMI_Handler
 .text.HardFault_Handler
                0x08000a82        0x2 build/debug/stm32c0xx_it.o
                0x08000a82                HardFault_Handler
 .text.SVC_Handler
                0x08000a84        0x2 build/debug/stm32c0xx_it.o
                0x08000a84                SVC_Handler
 .text.PendSV_Handler
                0x08000a86        0x2 build/debug/stm32c0xx_it.o
                0x08000a86                PendSV_Handler
 .text.SysTick_Handler
                0x08000a88        0x8 build/debug/stm32c0xx_it.o
                0x08000a88                SysTick_Handler
 .text.SystemInit
                0x08000a90       0x10 build/debug/system_stm32c0xx.o
                0x08000a90                SystemInit
 .text.Reset_Handler
                0x08000aa0       0x50 build/debug/startup_stm32c031xx.o
                0x08000aa0                Reset_Handler
 .text.Default_Handler
                0x08000af0        0x2 build/debug/startup_stm32c031xx.o
                0x08000af0                TIM1_CC_IRQHandler
                0x08000af0                I2C1_IRQHandler
                0x08000af0                DMAMUX1_IRQHandler
                0x08000af0                SPI1_IRQHandler
                0x08000af0                EXTI2_3_IRQHandler
                0x08000af0                ADC1_IRQHandler
                0x08000af0                TIM17_IRQHandler
                0x08000af0                RTC_IRQHandler
                0x08000af0                TIM16_IRQHandler
                0x08000af0                TIM3_IRQHandler
                0x08000af0                EXTI4_15_IRQHandler
                0x08000af0                RCC_IRQHandler
                0x08000af0                DMA1_Channel1_IRQHandler
                0x08000af0                Default_Handler
                0x08000af0                TIM14_IRQHandler
                0x08000af0                EXTI0_1_IRQHandler
                0x08000af0                WWDG_IRQHandler
                0x08000af0                DMA1_Channel2_3_IRQHandler
                0x08000af0                USART2_IRQHandler
                0x08000af0                FLASH_IRQHandler
                0x08000af0                USART1_IRQHandler
                0x08000af0                TIM1_BRK_UP_TRG_COM_IRQHandler
 .text.memset   0x08000af2       0x10 /usr/lib/gcc/arm-none-eabi/14.2.0/../../../../arm-none-eabi/lib/thumb/v6-m/nofp/libc_nano.a(libc_a-memset.o)
                0x08000af2                memset
 *fill*         0x08000b02        0x2 
 .text.__libc_init_array
                0x08000b04       0x48 /usr/lib/gcc/arm-none-eabi/14.2.0/../../../../arm-none-eabi/lib/thumb/v6-m/nofp/libc_nano.a(libc_a-init.o)
                0x08000b04                __libc_init_array
 *(.glue_7)
 .glue_7        0x08000b4c        0x0 linker stubs
 *(.glue_7t)
 .glue_7t       0x08000b4c        0x0 linker stubs
 *(.eh_frame)
 .eh_frame      0x08000b4c        0x0 /usr/lib/gcc/arm-none-eabi/14.2.0/thumb/v6-m/nofp/crtbegin.o
 *(.init)
 .init          0x08000b4c        0x4 /usr/lib/gcc/arm-none-eabi/14.2.0/thumb/v6-m/nofp/crti.o
                0x08000b4c                _init
 .init          0x08000b50        0x8 /usr/lib/gcc/arm-none-eabi/14.2.0/thumb/v6-m/nofp/crtn.o
 *(.fini)
 .fini          0x08000b58        0x4 /usr/lib/gcc/arm-none-eabi/14.2.0/thumb/v6-m/nofp/crti.o
                0x08000b58                _fini
 .fini          0x08000b5c        0x8 /usr/lib/gcc/arm-none-eabi/14.2.0/thumb/v6-m/nofp/crtn.o
                0x08000b64                        . = ALIGN (0x4)
                0x08000b64                        _etext = .

.vfp11_veneer   0x08000b64        0x0
 .vfp11_veneer  0x08000b64        0x0 linker stubs

.v4_bx          0x08000b64        0x0
 .v4_bx         0x08000b64        0x0 linker stubs

.iplt           0x08000b64        0x0
 .iplt          0x08000b64        0x0 /usr/lib/gcc/arm-none-eabi/14.2.0/thumb/v6-m/nofp/crtbegin.o

.rodata         0x08000b64       0x40
                0x08000b64                        . = ALIGN (0x4)
 *(.rodata)
 *(.rodata*)
 .rodata.AHBPrescTable
                0x08000b64       0x40 build/debug/system_stm32c0xx.o
                0x08000b64                AHBPrescTable
                0x08000ba4                        . = ALIGN (0x4)

.ARM.extab      0x08000ba4        0x0
                0x08000ba4                        . = ALIGN (0x4)
 *(.ARM.extab* .gnu.linkonce.armextab.*)
                0x08000ba4                        . = ALIGN (0x4)

.ARM            0x08000ba4        0x0
                0x08000ba4                        . = ALIGN (0x4)
                0x08000ba4                        __exidx_start = .
 *(.ARM.exidx*)
                0x08000ba4                        __exidx_end = .
                0x08000ba4                        . = ALIGN (0x4)

.preinit_array  0x08000ba4        0x0
                0x08000ba4                        . = ALIGN (0x4)
                0x08000ba4                        PROVIDE (__preinit_array_start = .)
 *(.preinit_array*)
                0x08000ba4                        PROVIDE (__preinit_array_end = .)
                0x08000ba4                        . = ALIGN (0x4)

.init_array     0x08000ba4        0x4
                0x08000ba4                        . = ALIGN (0x4)
                0x08000ba4                        PROVIDE (__init_array_start = .)
 *(SORT_BY_NAME(.init_array.*))
 *(.init_array*)
 .init_array    0x08000ba4        0x4 /usr/lib/gcc/arm-none-eabi/14.2.0/thumb/v6-m/nofp/crtbegin.o
                0x08000ba8                        PROVIDE (__init_array_end = .)
                0x08000ba8                        . = ALIGN (0x4)

.fini_array     0x08000ba8        0x4
                0x08000ba8                        . = ALIGN (0x4)
                0x08000ba8                        PROVIDE (__fini_array_start = .)
 *(SORT_BY_NAME(.fini_array.*))
 *(.fini_array*)
 .fini_array    0x08000ba8        0x4 /usr/lib/gcc/arm-none-eabi/14.2.0/thumb/v6-m/nofp/crtbegin.o
                0x08000bac                        PROVIDE (__fini_array_end = .)
                0x08000bac                        . = ALIGN (0x4)
                0x08000bac                        _sidata = LOADADDR (.data)

.rel.dyn        0x08000bac        0x0
 .rel.iplt      0x08000bac        0x0 /usr/lib/gcc/arm-none-eabi/14.2.0/thumb/v6-m/nofp/crtbegin.o

.data           0x20000000        0xc load address 0x08000bac
                0x20000000                        . = ALIGN (0x4)
                0x20000000                        _sdata = .
 *(.data)
 *(.data*)
 .data.uwTickFreq
                0x20000000        0x1 build/debug/stm32c0xx_hal.o
                0x20000000                uwTickFreq
 *fill*         0x20000001        0x3 
 .data.uwTickPrio
                0x20000004        0x4 build/debug/stm32c0xx_hal.o
                0x20000004                uwTickPrio
 .data.SystemCoreClock
                0x20000008        0x4 build/debug/system_stm32c0xx.o
                0x20000008                SystemCoreClock
 *(.RamFunc)
 *(.RamFunc*)
                0x2000000c                        . = ALIGN (0x4)
                0x2000000c                        _edata = .

.igot.plt       0x2000000c        0x0 load address 0x08000bb8
 .igot.plt      0x2000000c        0x0 /usr/lib/gcc/arm-none-eabi/14.2.0/thumb/v6-m/nofp/crtbegin.o
                0x2000000c                        . = ALIGN (0x4)

.bss            0x2000000c       0x20 load address 0x08000bb8
                0x2000000c                        _sbss = .
                0x2000000c                        __bss_start__ = _sbss
 *(.bss)
 *(.bss*)
 .bss.completed.1
                0x2000000c        0x1 /usr/lib/gcc/arm-none-eabi/14.2.0/thumb/v6-m/nofp/crtbegin.o
 *fill*         0x2000000d        0x3 
 .bss.object.0  0x20000010       0x18 /usr/lib/gcc/arm-none-eabi/14.2.0/thumb/v6-m/nofp/crtbegin.o
 .bss.uwTick    0x20000028        0x4 build/debug/stm32c0xx_hal.o
                0x20000028                uwTick
 *(COMMON)
                0x2000002c                        . = ALIGN (0x4)
                0x2000002c                        _ebss = .
                0x2000002c                        __bss_end__ = _ebss

._user_heap_stack
                0x2000002c      0x604 load address 0x08000bb8
                0x20000030                        . = ALIGN (0x8)
 *fill*         0x2000002c        0x4 
                [!provide]                        PROVIDE (end = .)
                0x20000030                        PROVIDE (_end = .)
                0x20000230                        . = (. + _Min_Heap_Size)
 *fill*         0x20000030      0x200 
                0x20000630                        . = (. + _Min_Stack_Size)
 *fill*         0x20000230      0x400 
                0x20000630                        . = ALIGN (0x8)

/DISCARD/
 libc.a(*)
 libm.a(*)
 libgcc.a(*)
OUTPUT(build/debug/test.elf elf32-littlearm)
LOAD linker stubs
LOAD /usr/lib/gcc/arm-none-eabi/14.2.0/../../../../arm-none-eabi/lib/thumb/v6-m/nofp/libc.a
LOAD /usr/lib/gcc/arm-none-eabi/14.2.0/../../../../arm-none-eabi/lib/thumb/v6-m/nofp/libm.a
LOAD /usr/lib/gcc/arm-none-eabi/14.2.0/thumb/v6-m/nofp/libgcc.a

.ARM.attributes
                0x00000000       0x28
 .ARM.attributes
                0x00000000       0x1e /usr/lib/gcc/arm-none-eabi/14.2.0/thumb/v6-m/nofp/crti.o
 .ARM.attributes
                0x0000001e       0x2c /usr/lib/gcc/arm-none-eabi/14.2.0/thumb/v6-m/nofp/crtbegin.o
 .ARM.attributes
                0x0000004a       0x2c build/debug/main.o
 .ARM.attributes
                0x00000076       0x2c build/debug/stm32c0xx_hal.o
 .ARM.attributes
                0x000000a2       0x2c build/debug/stm32c0xx_hal_cortex.o
 .ARM.attributes
                0x000000ce       0x2c build/debug/stm32c0xx_hal_gpio.o
 .ARM.attributes
                0x000000fa       0x2c build/debug/stm32c0xx_hal_msp.o
 .ARM.attributes
                0x00000126       0x2c build/debug/stm32c0xx_hal_rcc.o
 .ARM.attributes
                0x00000152       0x2c build/debug/stm32c0xx_it.o
 .ARM.attributes
                0x0000017e       0x2c build/debug/system_stm32c0xx.o
 .ARM.attributes
                0x000001aa       0x22 build/debug/startup_stm32c031xx.o
 .ARM.attributes
                0x000001cc       0x2c /usr/lib/gcc/arm-none-eabi/14.2.0/../../../../arm-none-eabi/lib/thumb/v6-m/nofp/libc_nano.a(libc_a-memset.o)
 .ARM.attributes
                0x000001f8       0x2c /usr/lib/gcc/arm-none-eabi/14.2.0/../../../../arm-none-eabi/lib/thumb/v6-m/nofp/libc_nano.a(libc_a-init.o)
 .ARM.attributes
                0x00000224       0x1e /usr/lib/gcc/arm-none-eabi/14.2.0/thumb/v6-m/nofp/libgcc.a(_udivsi3.o)
 .ARM.attributes
                0x00000242       0x1e /usr/lib/gcc/arm-none-eabi/14.2.0/thumb/v6-m/nofp/libgcc.a(_dvmd_tls.o)
 .ARM.attributes
                0x00000260       0x1e /usr/lib/gcc/arm-none-eabi/14.2.0/thumb/v6-m/nofp/crtn.o

.comment        0x00000000       0x1e
 .comment       0x00000000       0x1e build/debug/main.o
                                 0x1f (size before relaxing)
 .comment       0x0000001e       0x1f build/debug/stm32c0xx_hal.o
 .comment       0x0000001e       0x1f build/debug/stm32c0xx_hal_cortex.o
 .comment       0x0000001e       0x1f build/debug/stm32c0xx_hal_gpio.o
 .comment       0x0000001e       0x1f build/debug/stm32c0xx_hal_msp.o
 .comment       0x0000001e       0x1f build/debug/stm32c0xx_hal_rcc.o
 .comment       0x0000001e       0x1f build/debug/stm32c0xx_it.o
 .comment       0x0000001e       0x1f build/debug/system_stm32c0xx.o
 .comment       0x0000001e       0x1f /usr/lib/gcc/arm-none-eabi/14.2.0/../../../../arm-none-eabi/lib/thumb/v6-m/nofp/libc_nano.a(libc_a-memset.o)
 .comment       0x0000001e       0x1f /usr/lib/gcc/arm-none-eabi/14.2.0/../../../../arm-none-eabi/lib/thumb/v6-m/nofp/libc_nano.a(libc_a-init.o)

.debug_info     0x00000000     0x34ab
 .debug_info    0x00000000      0x7db build/debug/main.o
 .debug_info    0x000007db      0x907 build/debug/stm32c0xx_hal.o
 .debug_info    0x000010e2      0x9cb build/debug/stm32c0xx_hal_cortex.o
 .debug_info    0x00001aad      0x607 build/debug/stm32c0xx_hal_gpio.o
 .debug_info    0x000020b4      0x213 build/debug/stm32c0xx_hal_msp.o
 .debug_info    0x000022c7      0xaf8 build/debug/stm32c0xx_hal_rcc.o
 .debug_info    0x00002dbf       0xdd build/debug/stm32c0xx_it.o
 .debug_info    0x00002e9c      0x37b build/debug/system_stm32c0xx.o
 .debug_info    0x00003217       0x30 build/debug/startup_stm32c031xx.o
 .debug_info    0x00003247       0xe0 /usr/lib/gcc/arm-none-eabi/14.2.0/../../../../arm-none-eabi/lib/thumb/v6-m/nofp/libc_nano.a(libc_a-memset.o)
 .debug_info    0x00003327      0x10b /usr/lib/gcc/arm-none-eabi/14.2.0/../../../../arm-none-eabi/lib/thumb/v6-m/nofp/libc_nano.a(libc_a-init.o)
 .debug_info    0x00003432       0x3d /usr/lib/gcc/arm-none-eabi/14.2.0/thumb/v6-m/nofp/libgcc.a(_udivsi3.o)
 .debug_info    0x0000346f       0x3c /usr/lib/gcc/arm-none-eabi/14.2.0/thumb/v6-m/nofp/libgcc.a(_dvmd_tls.o)

.debug_abbrev   0x00000000     0x114e
 .debug_abbrev  0x00000000      0x210 build/debug/main.o
 .debug_abbrev  0x00000210      0x30c build/debug/stm32c0xx_hal.o
 .debug_abbrev  0x0000051c      0x315 build/debug/stm32c0xx_hal_cortex.o
 .debug_abbrev  0x00000831      0x207 build/debug/stm32c0xx_hal_gpio.o
 .debug_abbrev  0x00000a38       0xd4 build/debug/stm32c0xx_hal_msp.o
 .debug_abbrev  0x00000b0c      0x2c1 build/debug/stm32c0xx_hal_rcc.o
 .debug_abbrev  0x00000dcd       0x7c build/debug/stm32c0xx_it.o
 .debug_abbrev  0x00000e49      0x12c build/debug/system_stm32c0xx.o
 .debug_abbrev  0x00000f75       0x24 build/debug/startup_stm32c031xx.o
 .debug_abbrev  0x00000f99       0x9e /usr/lib/gcc/arm-none-eabi/14.2.0/../../../../arm-none-eabi/lib/thumb/v6-m/nofp/libc_nano.a(libc_a-memset.o)
 .debug_abbrev  0x00001037       0xc9 /usr/lib/gcc/arm-none-eabi/14.2.0/../../../../arm-none-eabi/lib/thumb/v6-m/nofp/libc_nano.a(libc_a-init.o)
 .debug_abbrev  0x00001100       0x28 /usr/lib/gcc/arm-none-eabi/14.2.0/thumb/v6-m/nofp/libgcc.a(_udivsi3.o)
 .debug_abbrev  0x00001128       0x26 /usr/lib/gcc/arm-none-eabi/14.2.0/thumb/v6-m/nofp/libgcc.a(_dvmd_tls.o)

.debug_aranges  0x00000000      0x410
 .debug_aranges
                0x00000000       0x38 build/debug/main.o
 .debug_aranges
                0x00000038       0xf0 build/debug/stm32c0xx_hal.o
 .debug_aranges
                0x00000128       0xc0 build/debug/stm32c0xx_hal_cortex.o
 .debug_aranges
                0x000001e8       0x68 build/debug/stm32c0xx_hal_gpio.o
 .debug_aranges
                0x00000250       0x20 build/debug/stm32c0xx_hal_msp.o
 .debug_aranges
                0x00000270       0x90 build/debug/stm32c0xx_hal_rcc.o
 .debug_aranges
                0x00000300       0x40 build/debug/stm32c0xx_it.o
 .debug_aranges
                0x00000340       0x28 build/debug/system_stm32c0xx.o
 .debug_aranges
                0x00000368       0x28 build/debug/startup_stm32c031xx.o
 .debug_aranges
                0x00000390       0x20 /usr/lib/gcc/arm-none-eabi/14.2.0/../../../../arm-none-eabi/lib/thumb/v6-m/nofp/libc_nano.a(libc_a-memset.o)
 .debug_aranges
                0x000003b0       0x20 /usr/lib/gcc/arm-none-eabi/14.2.0/../../../../arm-none-eabi/lib/thumb/v6-m/nofp/libc_nano.a(libc_a-init.o)
 .debug_aranges
                0x000003d0       0x20 /usr/lib/gcc/arm-none-eabi/14.2.0/thumb/v6-m/nofp/libgcc.a(_udivsi3.o)
 .debug_aranges
                0x000003f0       0x20 /usr/lib/gcc/arm-none-eabi/14.2.0/thumb/v6-m/nofp/libgcc.a(_dvmd_tls.o)

.debug_rnglists
                0x00000000      0x2d6
 .debug_rnglists
                0x00000000       0x25 build/debug/main.o
 .debug_rnglists
                0x00000025       0xaf build/debug/stm32c0xx_hal.o
 .debug_rnglists
                0x000000d4       0x97 build/debug/stm32c0xx_hal_cortex.o
 .debug_rnglists
                0x0000016b       0x4b build/debug/stm32c0xx_hal_gpio.o
 .debug_rnglists
                0x000001b6       0x13 build/debug/stm32c0xx_hal_msp.o
 .debug_rnglists
                0x000001c9       0x8a build/debug/stm32c0xx_hal_rcc.o
 .debug_rnglists
                0x00000253       0x2b build/debug/stm32c0xx_it.o
 .debug_rnglists
                0x0000027e       0x19 build/debug/system_stm32c0xx.o
 .debug_rnglists
                0x00000297       0x19 build/debug/startup_stm32c031xx.o
 .debug_rnglists
                0x000002b0       0x13 /usr/lib/gcc/arm-none-eabi/14.2.0/../../../../arm-none-eabi/lib/thumb/v6-m/nofp/libc_nano.a(libc_a-memset.o)
 .debug_rnglists
                0x000002c3       0x13 /usr/lib/gcc/arm-none-eabi/14.2.0/../../../../arm-none-eabi/lib/thumb/v6-m/nofp/libc_nano.a(libc_a-init.o)

.debug_line     0x00000000     0x26d8
 .debug_line    0x00000000      0x2a7 build/debug/main.o
 .debug_line    0x000002a7      0x590 build/debug/stm32c0xx_hal.o
 .debug_line    0x00000837      0x64d build/debug/stm32c0xx_hal_cortex.o
 .debug_line    0x00000e84      0x6ae build/debug/stm32c0xx_hal_gpio.o
 .debug_line    0x00001532       0xfe build/debug/stm32c0xx_hal_msp.o
 .debug_line    0x00001630      0xac3 build/debug/stm32c0xx_hal_rcc.o
 .debug_line    0x000020f3       0xdf build/debug/stm32c0xx_it.o
 .debug_line    0x000021d2      0x1ac build/debug/system_stm32c0xx.o
 .debug_line    0x0000237e       0x79 build/debug/startup_stm32c031xx.o
 .debug_line    0x000023f7      0x11d /usr/lib/gcc/arm-none-eabi/14.2.0/../../../../arm-none-eabi/lib/thumb/v6-m/nofp/libc_nano.a(libc_a-memset.o)
 .debug_line    0x00002514      0x119 /usr/lib/gcc/arm-none-eabi/14.2.0/../../../../arm-none-eabi/lib/thumb/v6-m/nofp/libc_nano.a(libc_a-init.o)
 .debug_line    0x0000262d       0x61 /usr/lib/gcc/arm-none-eabi/14.2.0/thumb/v6-m/nofp/libgcc.a(_udivsi3.o)
 .debug_line    0x0000268e       0x4a /usr/lib/gcc/arm-none-eabi/14.2.0/thumb/v6-m/nofp/libgcc.a(_dvmd_tls.o)

.debug_str      0x00000000     0x148d
 .debug_str     0x00000000     0x148d build/debug/main.o
                                0x515 (size before relaxing)
 .debug_str     0x0000148d      0x78e build/debug/stm32c0xx_hal.o
 .debug_str     0x0000148d      0x6e1 build/debug/stm32c0xx_hal_cortex.o
 .debug_str     0x0000148d      0x3f3 build/debug/stm32c0xx_hal_gpio.o
 .debug_str     0x0000148d      0x23d build/debug/stm32c0xx_hal_msp.o
 .debug_str     0x0000148d      0x6b2 build/debug/stm32c0xx_hal_rcc.o
 .debug_str     0x0000148d      0x1b6 build/debug/stm32c0xx_it.o
 .debug_str     0x0000148d      0x2b3 build/debug/system_stm32c0xx.o
 .debug_str     0x0000148d       0x64 build/debug/startup_stm32c031xx.o
 .debug_str     0x0000148d      0x1b8 /usr/lib/gcc/arm-none-eabi/14.2.0/../../../../arm-none-eabi/lib/thumb/v6-m/nofp/libc_nano.a(libc_a-memset.o)
 .debug_str     0x0000148d      0x219 /usr/lib/gcc/arm-none-eabi/14.2.0/../../../../arm-none-eabi/lib/thumb/v6-m/nofp/libc_nano.a(libc_a-init.o)
 .debug_str     0x0000148d       0xb9 /usr/lib/gcc/arm-none-eabi/14.2.0/thumb/v6-m/nofp/libgcc.a(_udivsi3.o)
 .debug_str     0x0000148d       0xba /usr/lib/gcc/arm-none-eabi/14.2.0/thumb/v6-m/nofp/libgcc.a(_dvmd_tls.o)

.debug_frame    0x00000000      0x76c
 .debug_frame   0x00000000       0x74 build/debug/main.o
 .debug_frame   0x00000074      0x1ec build/debug/stm32c0xx_hal.o
 .debug_frame   0x00000260      0x194 build/debug/stm32c0xx_hal_cortex.o
 .debug_frame   0x000003f4       0xe8 build/debug/stm32c0xx_hal_gpio.o
 .debug_frame   0x000004dc       0x24 build/debug/stm32c0xx_hal_msp.o
 .debug_frame   0x00000500      0x168 build/debug/stm32c0xx_hal_rcc.o
 .debug_frame   0x00000668       0x68 build/debug/stm32c0xx_it.o
 .debug_frame   0x000006d0       0x30 build/debug/system_stm32c0xx.o
 .debug_frame   0x00000700       0x20 /usr/lib/gcc/arm-none-eabi/14.2.0/../../../../arm-none-eabi/lib/thumb/v6-m/nofp/libc_nano.a(libc_a-memset.o)
 .debug_frame   0x00000720       0x2c /usr/lib/gcc/arm-none-eabi/14.2.0/../../../../arm-none-eabi/lib/thumb/v6-m/nofp/libc_nano.a(libc_a-init.o)
 .debug_frame   0x0000074c       0x20 /usr/lib/gcc/arm-none-eabi/14.2.0/thumb/v6-m/nofp/libgcc.a(_udivsi3.o)

.debug_loclists
                0x00000000      0xc36
 .debug_loclists
                0x00000000      0x19a build/debug/stm32c0xx_hal.o
 .debug_loclists
                0x0000019a      0x225 build/debug/stm32c0xx_hal_cortex.o
 .debug_loclists
                0x000003bf      0x307 build/debug/stm32c0xx_hal_gpio.o
 .debug_loclists
                0x000006c6      0x46f build/debug/stm32c0xx_hal_rcc.o
 .debug_loclists
                0x00000b35       0x26 build/debug/system_stm32c0xx.o
 .debug_loclists
                0x00000b5b       0x80 /usr/lib/gcc/arm-none-eabi/14.2.0/../../../../arm-none-eabi/lib/thumb/v6-m/nofp/libc_nano.a(libc_a-memset.o)
 .debug_loclists
                0x00000bdb       0x5b /usr/lib/gcc/arm-none-eabi/14.2.0/../../../../arm-none-eabi/lib/thumb/v6-m/nofp/libc_nano.a(libc_a-init.o)

.debug_line_str
                0x00000000       0xdc
 .debug_line_str
                0x00000000       0xdc build/debug/startup_stm32c031xx.o
                                 0x4a (size before relaxing)
 .debug_line_str
                0x000000dc       0x92 /usr/lib/gcc/arm-none-eabi/14.2.0/thumb/v6-m/nofp/libgcc.a(_udivsi3.o)
 .debug_line_str
                0x000000dc       0x92 /usr/lib/gcc/arm-none-eabi/14.2.0/thumb/v6-m/nofp/libgcc.a(_dvmd_tls.o)

Cross Reference Table

Symbol                                            File
ADC1_IRQHandler                                   build/debug/startup_stm32c031xx.o
AHBPrescTable                                     build/debug/system_stm32c0xx.o
                                                  build/debug/stm32c0xx_hal_rcc.o
APBPrescTable                                     build/debug/system_stm32c0xx.o
                                                  build/debug/stm32c0xx_hal_rcc.o
DMA1_Channel1_IRQHandler                          build/debug/startup_stm32c031xx.o
DMA1_Channel2_3_IRQHandler                        build/debug/startup_stm32c031xx.o
DMAMUX1_IRQHandler                                build/debug/startup_stm32c031xx.o
Default_Handler                                   build/debug/startup_stm32c031xx.o
EXTI0_1_IRQHandler                                build/debug/startup_stm32c031xx.o
EXTI2_3_IRQHandler                                build/debug/startup_stm32c031xx.o
EXTI4_15_IRQHandler                               build/debug/startup_stm32c031xx.o
Error_Handler                                     build/debug/main.o
FLASH_FlushCaches                                 build/debug/stm32c0xx_hal_flash_ex.o
FLASH_IRQHandler                                  build/debug/startup_stm32c031xx.o
FLASH_PageErase                                   build/debug/stm32c0xx_hal_flash_ex.o
                                                  build/debug/stm32c0xx_hal_flash.o
FLASH_WaitForLastOperation                        build/debug/stm32c0xx_hal_flash.o
                                                  build/debug/stm32c0xx_hal_flash_ex.o
HAL_DBGMCU_DisableDBGStandbyMode                  build/debug/stm32c0xx_hal.o
HAL_DBGMCU_DisableDBGStopMode                     build/debug/stm32c0xx_hal.o
HAL_DBGMCU_EnableDBGStandbyMode                   build/debug/stm32c0xx_hal.o
HAL_DBGMCU_EnableDBGStopMode                      build/debug/stm32c0xx_hal.o
HAL_DMAEx_ConfigMuxRequestGenerator               build/debug/stm32c0xx_hal_dma_ex.o
HAL_DMAEx_ConfigMuxSync                           build/debug/stm32c0xx_hal_dma_ex.o
HAL_DMAEx_DisableMuxRequestGenerator              build/debug/stm32c0xx_hal_dma_ex.o
HAL_DMAEx_EnableMuxRequestGenerator               build/debug/stm32c0xx_hal_dma_ex.o
HAL_DMAEx_MUX_IRQHandler                          build/debug/stm32c0xx_hal_dma_ex.o
HAL_DMA_Abort                                     build/debug/stm32c0xx_hal_dma.o
HAL_DMA_Abort_IT                                  build/debug/stm32c0xx_hal_dma.o
HAL_DMA_DeInit                                    build/debug/stm32c0xx_hal_dma.o
HAL_DMA_GetError                                  build/debug/stm32c0xx_hal_dma.o
HAL_DMA_GetState                                  build/debug/stm32c0xx_hal_dma.o
HAL_DMA_IRQHandler                                build/debug/stm32c0xx_hal_dma.o
HAL_DMA_Init                                      build/debug/stm32c0xx_hal_dma.o
HAL_DMA_PollForTransfer                           build/debug/stm32c0xx_hal_dma.o
HAL_DMA_RegisterCallback                          build/debug/stm32c0xx_hal_dma.o
HAL_DMA_Start                                     build/debug/stm32c0xx_hal_dma.o
HAL_DMA_Start_IT                                  build/debug/stm32c0xx_hal_dma.o
HAL_DMA_UnRegisterCallback                        build/debug/stm32c0xx_hal_dma.o
HAL_DeInit                                        build/debug/stm32c0xx_hal.o
HAL_Delay                                         build/debug/stm32c0xx_hal.o
                                                  build/debug/main.o
HAL_EXTI_ClearConfigLine                          build/debug/stm32c0xx_hal_exti.o
HAL_EXTI_ClearPending                             build/debug/stm32c0xx_hal_exti.o
HAL_EXTI_GenerateSWI                              build/debug/stm32c0xx_hal_exti.o
HAL_EXTI_GetConfigLine                            build/debug/stm32c0xx_hal_exti.o
HAL_EXTI_GetHandle                                build/debug/stm32c0xx_hal_exti.o
HAL_EXTI_GetPending                               build/debug/stm32c0xx_hal_exti.o
HAL_EXTI_IRQHandler                               build/debug/stm32c0xx_hal_exti.o
HAL_EXTI_RegisterCallback                         build/debug/stm32c0xx_hal_exti.o
HAL_EXTI_SetConfigLine                            build/debug/stm32c0xx_hal_exti.o
HAL_FLASHEx_DisableDebugger                       build/debug/stm32c0xx_hal_flash_ex.o
HAL_FLASHEx_EnableDebugger                        build/debug/stm32c0xx_hal_flash_ex.o
HAL_FLASHEx_EnableSecMemProtection                build/debug/stm32c0xx_hal_flash_ex.o
HAL_FLASHEx_Erase                                 build/debug/stm32c0xx_hal_flash_ex.o
HAL_FLASHEx_Erase_IT                              build/debug/stm32c0xx_hal_flash_ex.o
HAL_FLASHEx_FlashEmptyCheck                       build/debug/stm32c0xx_hal_flash_ex.o
HAL_FLASHEx_ForceFlashEmpty                       build/debug/stm32c0xx_hal_flash_ex.o
HAL_FLASHEx_OBGetConfig                           build/debug/stm32c0xx_hal_flash_ex.o
HAL_FLASHEx_OBProgram                             build/debug/stm32c0xx_hal_flash_ex.o
HAL_FLASH_EndOfOperationCallback                  build/debug/stm32c0xx_hal_flash.o
HAL_FLASH_GetError                                build/debug/stm32c0xx_hal_flash.o
HAL_FLASH_IRQHandler                              build/debug/stm32c0xx_hal_flash.o
HAL_FLASH_Lock                                    build/debug/stm32c0xx_hal_flash.o
HAL_FLASH_OB_Launch                               build/debug/stm32c0xx_hal_flash.o
HAL_FLASH_OB_Lock                                 build/debug/stm32c0xx_hal_flash.o
HAL_FLASH_OB_Unlock                               build/debug/stm32c0xx_hal_flash.o
HAL_FLASH_OperationErrorCallback                  build/debug/stm32c0xx_hal_flash.o
HAL_FLASH_Program                                 build/debug/stm32c0xx_hal_flash.o
HAL_FLASH_Program_IT                              build/debug/stm32c0xx_hal_flash.o
HAL_FLASH_Unlock                                  build/debug/stm32c0xx_hal_flash.o
HAL_GPIO_DeInit                                   build/debug/stm32c0xx_hal_gpio.o
HAL_GPIO_EXTI_Falling_Callback                    build/debug/stm32c0xx_hal_gpio.o
HAL_GPIO_EXTI_IRQHandler                          build/debug/stm32c0xx_hal_gpio.o
HAL_GPIO_EXTI_Rising_Callback                     build/debug/stm32c0xx_hal_gpio.o
HAL_GPIO_Init                                     build/debug/stm32c0xx_hal_gpio.o
                                                  build/debug/stm32c0xx_hal_rcc_ex.o
                                                  build/debug/stm32c0xx_hal_rcc.o
                                                  build/debug/main.o
HAL_GPIO_LockPin                                  build/debug/stm32c0xx_hal_gpio.o
HAL_GPIO_ReadPin                                  build/debug/stm32c0xx_hal_gpio.o
HAL_GPIO_TogglePin                                build/debug/stm32c0xx_hal_gpio.o
                                                  build/debug/main.o
HAL_GPIO_WriteMultipleStatePin                    build/debug/stm32c0xx_hal_gpio.o
HAL_GPIO_WritePin                                 build/debug/stm32c0xx_hal_gpio.o
                                                  build/debug/main.o
HAL_GetDEVID                                      build/debug/stm32c0xx_hal.o
HAL_GetHalVersion                                 build/debug/stm32c0xx_hal.o
HAL_GetREVID                                      build/debug/stm32c0xx_hal.o
HAL_GetTick                                       build/debug/stm32c0xx_hal.o
                                                  build/debug/stm32c0xx_hal_rcc_ex.o
                                                  build/debug/stm32c0xx_hal_rcc.o
                                                  build/debug/stm32c0xx_hal_flash.o
                                                  build/debug/stm32c0xx_hal_dma.o
HAL_GetTickFreq                                   build/debug/stm32c0xx_hal.o
HAL_GetTickPrio                                   build/debug/stm32c0xx_hal.o
HAL_GetUIDw0                                      build/debug/stm32c0xx_hal.o
HAL_GetUIDw1                                      build/debug/stm32c0xx_hal.o
HAL_GetUIDw2                                      build/debug/stm32c0xx_hal.o
HAL_IncTick                                       build/debug/stm32c0xx_hal.o
                                                  build/debug/stm32c0xx_it.o
HAL_Init                                          build/debug/stm32c0xx_hal.o
                                                  build/debug/main.o
HAL_InitTick                                      build/debug/stm32c0xx_hal.o
                                                  build/debug/stm32c0xx_hal_rcc.o
HAL_MPU_ConfigRegion                              build/debug/stm32c0xx_hal_cortex.o
HAL_MPU_Disable                                   build/debug/stm32c0xx_hal_cortex.o
HAL_MPU_DisableRegion                             build/debug/stm32c0xx_hal_cortex.o
HAL_MPU_Enable                                    build/debug/stm32c0xx_hal_cortex.o
HAL_MPU_EnableRegion                              build/debug/stm32c0xx_hal_cortex.o
HAL_MspDeInit                                     build/debug/stm32c0xx_hal.o
HAL_MspInit                                       build/debug/stm32c0xx_hal_msp.o
                                                  build/debug/stm32c0xx_hal.o
HAL_NVIC_ClearPendingIRQ                          build/debug/stm32c0xx_hal_cortex.o
HAL_NVIC_DisableIRQ                               build/debug/stm32c0xx_hal_cortex.o
HAL_NVIC_EnableIRQ                                build/debug/stm32c0xx_hal_cortex.o
HAL_NVIC_GetPendingIRQ                            build/debug/stm32c0xx_hal_cortex.o
HAL_NVIC_GetPriority                              build/debug/stm32c0xx_hal_cortex.o
HAL_NVIC_SetPendingIRQ                            build/debug/stm32c0xx_hal_cortex.o
HAL_NVIC_SetPriority                              build/debug/stm32c0xx_hal_cortex.o
                                                  build/debug/stm32c0xx_hal.o
HAL_NVIC_SystemReset                              build/debug/stm32c0xx_hal_cortex.o
HAL_PWREx_BKUPRead                                build/debug/stm32c0xx_hal_pwr_ex.o
HAL_PWREx_BKUPWrite                               build/debug/stm32c0xx_hal_pwr_ex.o
HAL_PWREx_DisableFlashPowerDown                   build/debug/stm32c0xx_hal_pwr_ex.o
HAL_PWREx_DisableGPIOPullDown                     build/debug/stm32c0xx_hal_pwr_ex.o
HAL_PWREx_DisableGPIOPullUp                       build/debug/stm32c0xx_hal_pwr_ex.o
HAL_PWREx_DisableInternalWakeUpLine               build/debug/stm32c0xx_hal_pwr_ex.o
HAL_PWREx_DisablePullUpPullDownConfig             build/debug/stm32c0xx_hal_pwr_ex.o
HAL_PWREx_EnableFlashPowerDown                    build/debug/stm32c0xx_hal_pwr_ex.o
HAL_PWREx_EnableGPIOPullDown                      build/debug/stm32c0xx_hal_pwr_ex.o
HAL_PWREx_EnableGPIOPullUp                        build/debug/stm32c0xx_hal_pwr_ex.o
HAL_PWREx_EnableInternalWakeUpLine                build/debug/stm32c0xx_hal_pwr_ex.o
HAL_PWREx_EnablePullUpPullDownConfig              build/debug/stm32c0xx_hal_pwr_ex.o
HAL_PWREx_EnterSHUTDOWNMode                       build/debug/stm32c0xx_hal_pwr_ex.o
HAL_PWR_DeInit                                    build/debug/stm32c0xx_hal_pwr.o
HAL_PWR_DisableSEVOnPend                          build/debug/stm32c0xx_hal_pwr.o
HAL_PWR_DisableSleepOnExit                        build/debug/stm32c0xx_hal_pwr.o
HAL_PWR_DisableWakeUpPin                          build/debug/stm32c0xx_hal_pwr.o
HAL_PWR_EnableSEVOnPend                           build/debug/stm32c0xx_hal_pwr.o
HAL_PWR_EnableSleepOnExit                         build/debug/stm32c0xx_hal_pwr.o
HAL_PWR_EnableWakeUpPin                           build/debug/stm32c0xx_hal_pwr.o
HAL_PWR_EnterSLEEPMode                            build/debug/stm32c0xx_hal_pwr.o
HAL_PWR_EnterSTANDBYMode                          build/debug/stm32c0xx_hal_pwr.o
HAL_PWR_EnterSTOPMode                             build/debug/stm32c0xx_hal_pwr.o
HAL_RCCEx_DisableLSCO                             build/debug/stm32c0xx_hal_rcc_ex.o
HAL_RCCEx_EnableLSCO                              build/debug/stm32c0xx_hal_rcc_ex.o
HAL_RCCEx_GetPeriphCLKConfig                      build/debug/stm32c0xx_hal_rcc_ex.o
HAL_RCCEx_GetPeriphCLKFreq                        build/debug/stm32c0xx_hal_rcc_ex.o
HAL_RCCEx_PeriphCLKConfig                         build/debug/stm32c0xx_hal_rcc_ex.o
HAL_RCC_CSSCallback                               build/debug/stm32c0xx_hal_rcc.o
HAL_RCC_ClockConfig                               build/debug/stm32c0xx_hal_rcc.o
                                                  build/debug/main.o
HAL_RCC_DeInit                                    build/debug/stm32c0xx_hal_rcc.o
HAL_RCC_DisableLSECSS                             build/debug/stm32c0xx_hal_rcc.o
HAL_RCC_EnableCSS                                 build/debug/stm32c0xx_hal_rcc.o
HAL_RCC_EnableLSECSS                              build/debug/stm32c0xx_hal_rcc.o
HAL_RCC_GetClockConfig                            build/debug/stm32c0xx_hal_rcc.o
HAL_RCC_GetHCLKFreq                               build/debug/stm32c0xx_hal_rcc.o
HAL_RCC_GetOscConfig                              build/debug/stm32c0xx_hal_rcc.o
HAL_RCC_GetPCLK1Freq                              build/debug/stm32c0xx_hal_rcc.o
                                                  build/debug/stm32c0xx_hal_rcc_ex.o
HAL_RCC_GetSysClockFreq                           build/debug/stm32c0xx_hal_rcc.o
                                                  build/debug/stm32c0xx_hal_rcc_ex.o
HAL_RCC_LSECSSCallback                            build/debug/stm32c0xx_hal_rcc.o
HAL_RCC_MCOConfig                                 build/debug/stm32c0xx_hal_rcc.o
HAL_RCC_NMI_IRQHandler                            build/debug/stm32c0xx_hal_rcc.o
HAL_RCC_OscConfig                                 build/debug/stm32c0xx_hal_rcc.o
                                                  build/debug/main.o
HAL_ResumeTick                                    build/debug/stm32c0xx_hal.o
HAL_SYSCFG_DisableRemap                           build/debug/stm32c0xx_hal.o
HAL_SYSCFG_EnableRemap                            build/debug/stm32c0xx_hal.o
HAL_SYSCFG_GetPinBinding                          build/debug/stm32c0xx_hal.o
HAL_SYSCFG_SetPinBinding                          build/debug/stm32c0xx_hal.o
HAL_SYSTICK_CLKSourceConfig                       build/debug/stm32c0xx_hal_cortex.o
HAL_SYSTICK_Callback                              build/debug/stm32c0xx_hal_cortex.o
HAL_SYSTICK_Config                                build/debug/stm32c0xx_hal_cortex.o
                                                  build/debug/stm32c0xx_hal.o
HAL_SYSTICK_IRQHandler                            build/debug/stm32c0xx_hal_cortex.o
HAL_SetTickFreq                                   build/debug/stm32c0xx_hal.o
HAL_SuspendTick                                   build/debug/stm32c0xx_hal.o
HardFault_Handler                                 build/debug/stm32c0xx_it.o
I2C1_IRQHandler                                   build/debug/startup_stm32c031xx.o
NMI_Handler                                       build/debug/stm32c0xx_it.o
PendSV_Handler                                    build/debug/stm32c0xx_it.o
RCC_IRQHandler                                    build/debug/startup_stm32c031xx.o
RTC_IRQHandler                                    build/debug/startup_stm32c031xx.o
Reset_Handler                                     build/debug/startup_stm32c031xx.o
SPI1_IRQHandler                                   build/debug/startup_stm32c031xx.o
SVC_Handler                                       build/debug/stm32c0xx_it.o
SysTick_Handler                                   build/debug/stm32c0xx_it.o
SystemClock_Config                                build/debug/main.o
SystemCoreClock                                   build/debug/system_stm32c0xx.o
                                                  build/debug/stm32c0xx_hal_rcc.o
                                                  build/debug/stm32c0xx_hal.o
SystemCoreClockUpdate                             build/debug/system_stm32c0xx.o
SystemInit                                        build/debug/system_stm32c0xx.o
                                                  build/debug/startup_stm32c031xx.o
TIM14_IRQHandler                                  build/debug/startup_stm32c031xx.o
TIM16_IRQHandler                                  build/debug/startup_stm32c031xx.o
TIM17_IRQHandler                                  build/debug/startup_stm32c031xx.o
TIM1_BRK_UP_TRG_COM_IRQHandler                    build/debug/startup_stm32c031xx.o
TIM1_CC_IRQHandler                                build/debug/startup_stm32c031xx.o
TIM3_IRQHandler                                   build/debug/startup_stm32c031xx.o
USART1_IRQHandler                                 build/debug/startup_stm32c031xx.o
USART2_IRQHandler                                 build/debug/startup_stm32c031xx.o
WWDG_IRQHandler                                   build/debug/startup_stm32c031xx.o
_Min_Stack_Size                                   build/debug/sysmem.o
__aeabi_idiv0                                     /usr/lib/gcc/arm-none-eabi/14.2.0/thumb/v6-m/nofp/libgcc.a(_dvmd_tls.o)
                                                  /usr/lib/gcc/arm-none-eabi/14.2.0/thumb/v6-m/nofp/libgcc.a(_udivsi3.o)
__aeabi_ldiv0                                     /usr/lib/gcc/arm-none-eabi/14.2.0/thumb/v6-m/nofp/libgcc.a(_dvmd_tls.o)
__aeabi_uidiv                                     /usr/lib/gcc/arm-none-eabi/14.2.0/thumb/v6-m/nofp/libgcc.a(_udivsi3.o)
                                                  build/debug/stm32c0xx_hal_rcc_ex.o
                                                  build/debug/stm32c0xx_hal_dma.o
                                                  build/debug/stm32c0xx_hal.o
__aeabi_uidivmod                                  /usr/lib/gcc/arm-none-eabi/14.2.0/thumb/v6-m/nofp/libgcc.a(_udivsi3.o)
__atexit                                          /usr/lib/gcc/arm-none-eabi/14.2.0/../../../../arm-none-eabi/lib/thumb/v6-m/nofp/libc_nano.a(libc_a-__call_atexit.o)
                                                  /usr/lib/gcc/arm-none-eabi/14.2.0/../../../../arm-none-eabi/lib/thumb/v6-m/nofp/libc_nano.a(libc_a-__atexit.o)
__atexit0                                         /usr/lib/gcc/arm-none-eabi/14.2.0/../../../../arm-none-eabi/lib/thumb/v6-m/nofp/libc_nano.a(libc_a-__atexit.o)
__atexit_dummy                                    /usr/lib/gcc/arm-none-eabi/14.2.0/../../../../arm-none-eabi/lib/thumb/v6-m/nofp/libc_nano.a(libc_a-__atexit.o)
__atexit_recursive_mutex                          /usr/lib/gcc/arm-none-eabi/14.2.0/../../../../arm-none-eabi/lib/thumb/v6-m/nofp/libc_nano.a(libc_a-__call_atexit.o)
                                                  /usr/lib/gcc/arm-none-eabi/14.2.0/../../../../arm-none-eabi/lib/thumb/v6-m/nofp/libc_nano.a(libc_a-__atexit.o)
__bss_end__                                       /usr/lib/gcc/arm-none-eabi/14.2.0/../../../../arm-none-eabi/lib/thumb/v6-m/nofp/crt0.o
__bss_start__                                     /usr/lib/gcc/arm-none-eabi/14.2.0/../../../../arm-none-eabi/lib/thumb/v6-m/nofp/crt0.o
__call_exitprocs                                  /usr/lib/gcc/arm-none-eabi/14.2.0/../../../../arm-none-eabi/lib/thumb/v6-m/nofp/libc_nano.a(libc_a-__call_atexit.o)
                                                  /usr/lib/gcc/arm-none-eabi/14.2.0/../../../../arm-none-eabi/lib/thumb/v6-m/nofp/libc_nano.a(libc_a-__atexit.o)
                                                  /usr/lib/gcc/arm-none-eabi/14.2.0/../../../../arm-none-eabi/lib/thumb/v6-m/nofp/libc_nano.a(libc_a-exit.o)
__deregister_frame_info                           /usr/lib/gcc/arm-none-eabi/14.2.0/thumb/v6-m/nofp/crtbegin.o
__dso_handle                                      /usr/lib/gcc/arm-none-eabi/14.2.0/thumb/v6-m/nofp/crtbegin.o
__env                                             build/debug/syscalls.o
__errno                                           /usr/lib/gcc/arm-none-eabi/14.2.0/../../../../arm-none-eabi/lib/thumb/v6-m/nofp/libc_nano.a(libc_a-errno.o)
                                                  build/debug/sysmem.o
                                                  build/debug/syscalls.o
__fini_array_end                                  /usr/lib/gcc/arm-none-eabi/14.2.0/../../../../arm-none-eabi/lib/thumb/v6-m/nofp/libc_nano.a(libc_a-fini.o)
__fini_array_start                                /usr/lib/gcc/arm-none-eabi/14.2.0/../../../../arm-none-eabi/lib/thumb/v6-m/nofp/libc_nano.a(libc_a-fini.o)
__fp_lock_all                                     /usr/lib/gcc/arm-none-eabi/14.2.0/../../../../arm-none-eabi/lib/thumb/v6-m/nofp/libc_nano.a(libc_a-findfp.o)
__fp_unlock_all                                   /usr/lib/gcc/arm-none-eabi/14.2.0/../../../../arm-none-eabi/lib/thumb/v6-m/nofp/libc_nano.a(libc_a-findfp.o)
__init_array_end                                  /usr/lib/gcc/arm-none-eabi/14.2.0/../../../../arm-none-eabi/lib/thumb/v6-m/nofp/libc_nano.a(libc_a-init.o)
__init_array_start                                /usr/lib/gcc/arm-none-eabi/14.2.0/../../../../arm-none-eabi/lib/thumb/v6-m/nofp/libc_nano.a(libc_a-init.o)
__io_getchar                                      build/debug/syscalls.o
__io_putchar                                      build/debug/syscalls.o
__libc_fini_array                                 /usr/lib/gcc/arm-none-eabi/14.2.0/../../../../arm-none-eabi/lib/thumb/v6-m/nofp/libc_nano.a(libc_a-fini.o)
                                                  /usr/lib/gcc/arm-none-eabi/14.2.0/../../../../arm-none-eabi/lib/thumb/v6-m/nofp/crt0.o
__libc_init_array                                 /usr/lib/gcc/arm-none-eabi/14.2.0/../../../../arm-none-eabi/lib/thumb/v6-m/nofp/libc_nano.a(libc_a-init.o)
                                                  build/debug/startup_stm32c031xx.o
                                                  /usr/lib/gcc/arm-none-eabi/14.2.0/../../../../arm-none-eabi/lib/thumb/v6-m/nofp/crt0.o
__lock___arc4random_mutex                         /usr/lib/gcc/arm-none-eabi/14.2.0/../../../../arm-none-eabi/lib/thumb/v6-m/nofp/libc_nano.a(libc_a-lock.o)
__lock___at_quick_exit_mutex                      /usr/lib/gcc/arm-none-eabi/14.2.0/../../../../arm-none-eabi/lib/thumb/v6-m/nofp/libc_nano.a(libc_a-lock.o)
__lock___atexit_recursive_mutex                   /usr/lib/gcc/arm-none-eabi/14.2.0/../../../../arm-none-eabi/lib/thumb/v6-m/nofp/libc_nano.a(libc_a-lock.o)
                                                  /usr/lib/gcc/arm-none-eabi/14.2.0/../../../../arm-none-eabi/lib/thumb/v6-m/nofp/libc_nano.a(libc_a-__call_atexit.o)
__lock___dd_hash_mutex                            /usr/lib/gcc/arm-none-eabi/14.2.0/../../../../arm-none-eabi/lib/thumb/v6-m/nofp/libc_nano.a(libc_a-lock.o)
__lock___env_recursive_mutex                      /usr/lib/gcc/arm-none-eabi/14.2.0/../../../../arm-none-eabi/lib/thumb/v6-m/nofp/libc_nano.a(libc_a-lock.o)
__lock___malloc_recursive_mutex                   /usr/lib/gcc/arm-none-eabi/14.2.0/../../../../arm-none-eabi/lib/thumb/v6-m/nofp/libc_nano.a(libc_a-lock.o)
                                                  /usr/lib/gcc/arm-none-eabi/14.2.0/../../../../arm-none-eabi/lib/thumb/v6-m/nofp/libc_nano.a(libc_a-mlock.o)
__lock___sfp_recursive_mutex                      /usr/lib/gcc/arm-none-eabi/14.2.0/../../../../arm-none-eabi/lib/thumb/v6-m/nofp/libc_nano.a(libc_a-lock.o)
                                                  /usr/lib/gcc/arm-none-eabi/14.2.0/../../../../arm-none-eabi/lib/thumb/v6-m/nofp/libc_nano.a(libc_a-findfp.o)
__lock___tz_mutex                                 /usr/lib/gcc/arm-none-eabi/14.2.0/../../../../arm-none-eabi/lib/thumb/v6-m/nofp/libc_nano.a(libc_a-lock.o)
__malloc_free_list                                /usr/lib/gcc/arm-none-eabi/14.2.0/../../../../arm-none-eabi/lib/thumb/v6-m/nofp/libc_nano.a(libc_a-mallocr.o)
                                                  /usr/lib/gcc/arm-none-eabi/14.2.0/../../../../arm-none-eabi/lib/thumb/v6-m/nofp/libc_nano.a(libc_a-freer.o)
__malloc_lock                                     /usr/lib/gcc/arm-none-eabi/14.2.0/../../../../arm-none-eabi/lib/thumb/v6-m/nofp/libc_nano.a(libc_a-mlock.o)
                                                  /usr/lib/gcc/arm-none-eabi/14.2.0/../../../../arm-none-eabi/lib/thumb/v6-m/nofp/libc_nano.a(libc_a-mallocr.o)
                                                  /usr/lib/gcc/arm-none-eabi/14.2.0/../../../../arm-none-eabi/lib/thumb/v6-m/nofp/libc_nano.a(libc_a-freer.o)
__malloc_sbrk_start                               /usr/lib/gcc/arm-none-eabi/14.2.0/../../../../arm-none-eabi/lib/thumb/v6-m/nofp/libc_nano.a(libc_a-mallocr.o)
__malloc_unlock                                   /usr/lib/gcc/arm-none-eabi/14.2.0/../../../../arm-none-eabi/lib/thumb/v6-m/nofp/libc_nano.a(libc_a-mlock.o)
                                                  /usr/lib/gcc/arm-none-eabi/14.2.0/../../../../arm-none-eabi/lib/thumb/v6-m/nofp/libc_nano.a(libc_a-mallocr.o)
                                                  /usr/lib/gcc/arm-none-eabi/14.2.0/../../../../arm-none-eabi/lib/thumb/v6-m/nofp/libc_nano.a(libc_a-freer.o)
__on_exit_args                                    /usr/lib/gcc/arm-none-eabi/14.2.0/../../../../arm-none-eabi/lib/thumb/v6-m/nofp/libc_nano.a(libc_a-__atexit.o)
__preinit_array_end                               /usr/lib/gcc/arm-none-eabi/14.2.0/../../../../arm-none-eabi/lib/thumb/v6-m/nofp/libc_nano.a(libc_a-init.o)
__preinit_array_start                             /usr/lib/gcc/arm-none-eabi/14.2.0/../../../../arm-none-eabi/lib/thumb/v6-m/nofp/libc_nano.a(libc_a-init.o)
__register_exitproc                               /usr/lib/gcc/arm-none-eabi/14.2.0/../../../../arm-none-eabi/lib/thumb/v6-m/nofp/libc_nano.a(libc_a-__atexit.o)
                                                  /usr/lib/gcc/arm-none-eabi/14.2.0/../../../../arm-none-eabi/lib/thumb/v6-m/nofp/libc_nano.a(libc_a-atexit.o)
__register_frame_info                             /usr/lib/gcc/arm-none-eabi/14.2.0/thumb/v6-m/nofp/crtbegin.o
__retarget_lock_acquire                           /usr/lib/gcc/arm-none-eabi/14.2.0/../../../../arm-none-eabi/lib/thumb/v6-m/nofp/libc_nano.a(libc_a-lock.o)
__retarget_lock_acquire_recursive                 /usr/lib/gcc/arm-none-eabi/14.2.0/../../../../arm-none-eabi/lib/thumb/v6-m/nofp/libc_nano.a(libc_a-lock.o)
                                                  /usr/lib/gcc/arm-none-eabi/14.2.0/../../../../arm-none-eabi/lib/thumb/v6-m/nofp/libc_nano.a(libc_a-fflush.o)
                                                  /usr/lib/gcc/arm-none-eabi/14.2.0/../../../../arm-none-eabi/lib/thumb/v6-m/nofp/libc_nano.a(libc_a-mlock.o)
                                                  /usr/lib/gcc/arm-none-eabi/14.2.0/../../../../arm-none-eabi/lib/thumb/v6-m/nofp/libc_nano.a(libc_a-__call_atexit.o)
                                                  /usr/lib/gcc/arm-none-eabi/14.2.0/../../../../arm-none-eabi/lib/thumb/v6-m/nofp/libc_nano.a(libc_a-__atexit.o)
                                                  /usr/lib/gcc/arm-none-eabi/14.2.0/../../../../arm-none-eabi/lib/thumb/v6-m/nofp/libc_nano.a(libc_a-findfp.o)
__retarget_lock_close                             /usr/lib/gcc/arm-none-eabi/14.2.0/../../../../arm-none-eabi/lib/thumb/v6-m/nofp/libc_nano.a(libc_a-lock.o)
__retarget_lock_close_recursive                   /usr/lib/gcc/arm-none-eabi/14.2.0/../../../../arm-none-eabi/lib/thumb/v6-m/nofp/libc_nano.a(libc_a-lock.o)
__retarget_lock_init                              /usr/lib/gcc/arm-none-eabi/14.2.0/../../../../arm-none-eabi/lib/thumb/v6-m/nofp/libc_nano.a(libc_a-lock.o)
__retarget_lock_init_recursive                    /usr/lib/gcc/arm-none-eabi/14.2.0/../../../../arm-none-eabi/lib/thumb/v6-m/nofp/libc_nano.a(libc_a-lock.o)
                                                  /usr/lib/gcc/arm-none-eabi/14.2.0/../../../../arm-none-eabi/lib/thumb/v6-m/nofp/libc_nano.a(libc_a-findfp.o)
__retarget_lock_release                           /usr/lib/gcc/arm-none-eabi/14.2.0/../../../../arm-none-eabi/lib/thumb/v6-m/nofp/libc_nano.a(libc_a-lock.o)
__retarget_lock_release_recursive                 /usr/lib/gcc/arm-none-eabi/14.2.0/../../../../arm-none-eabi/lib/thumb/v6-m/nofp/libc_nano.a(libc_a-lock.o)
                                                  /usr/lib/gcc/arm-none-eabi/14.2.0/../../../../arm-none-eabi/lib/thumb/v6-m/nofp/libc_nano.a(libc_a-fflush.o)
                                                  /usr/lib/gcc/arm-none-eabi/14.2.0/../../../../arm-none-eabi/lib/thumb/v6-m/nofp/libc_nano.a(libc_a-mlock.o)
                                                  /usr/lib/gcc/arm-none-eabi/14.2.0/../../../../arm-none-eabi/lib/thumb/v6-m/nofp/libc_nano.a(libc_a-__call_atexit.o)
                                                  /usr/lib/gcc/arm-none-eabi/14.2.0/../../../../arm-none-eabi/lib/thumb/v6-m/nofp/libc_nano.a(libc_a-__atexit.o)
                                                  /usr/lib/gcc/arm-none-eabi/14.2.0/../../../../arm-none-eabi/lib/thumb/v6-m/nofp/libc_nano.a(libc_a-findfp.o)
__retarget_lock_try_acquire                       /usr/lib/gcc/arm-none-eabi/14.2.0/../../../../arm-none-eabi/lib/thumb/v6-m/nofp/libc_nano.a(libc_a-lock.o)
__retarget_lock_try_acquire_recursive             /usr/lib/gcc/arm-none-eabi/14.2.0/../../../../arm-none-eabi/lib/thumb/v6-m/nofp/libc_nano.a(libc_a-lock.o)
__sclose                                          /usr/lib/gcc/arm-none-eabi/14.2.0/../../../../arm-none-eabi/lib/thumb/v6-m/nofp/libc_nano.a(libc_a-stdio.o)
                                                  /usr/lib/gcc/arm-none-eabi/14.2.0/../../../../arm-none-eabi/lib/thumb/v6-m/nofp/libc_nano.a(libc_a-findfp.o)
__seofread                                        /usr/lib/gcc/arm-none-eabi/14.2.0/../../../../arm-none-eabi/lib/thumb/v6-m/nofp/libc_nano.a(libc_a-stdio.o)
__sf                                              /usr/lib/gcc/arm-none-eabi/14.2.0/../../../../arm-none-eabi/lib/thumb/v6-m/nofp/libc_nano.a(libc_a-findfp.o)
                                                  /usr/lib/gcc/arm-none-eabi/14.2.0/../../../../arm-none-eabi/lib/thumb/v6-m/nofp/libc_nano.a(libc_a-impure.o)
__sflush_r                                        /usr/lib/gcc/arm-none-eabi/14.2.0/../../../../arm-none-eabi/lib/thumb/v6-m/nofp/libc_nano.a(libc_a-fflush.o)
__sfp                                             /usr/lib/gcc/arm-none-eabi/14.2.0/../../../../arm-none-eabi/lib/thumb/v6-m/nofp/libc_nano.a(libc_a-findfp.o)
__sfp_lock_acquire                                /usr/lib/gcc/arm-none-eabi/14.2.0/../../../../arm-none-eabi/lib/thumb/v6-m/nofp/libc_nano.a(libc_a-findfp.o)
__sfp_lock_release                                /usr/lib/gcc/arm-none-eabi/14.2.0/../../../../arm-none-eabi/lib/thumb/v6-m/nofp/libc_nano.a(libc_a-findfp.o)
__sglue                                           /usr/lib/gcc/arm-none-eabi/14.2.0/../../../../arm-none-eabi/lib/thumb/v6-m/nofp/libc_nano.a(libc_a-findfp.o)
                                                  /usr/lib/gcc/arm-none-eabi/14.2.0/../../../../arm-none-eabi/lib/thumb/v6-m/nofp/libc_nano.a(libc_a-fflush.o)
__sinit                                           /usr/lib/gcc/arm-none-eabi/14.2.0/../../../../arm-none-eabi/lib/thumb/v6-m/nofp/libc_nano.a(libc_a-findfp.o)
                                                  /usr/lib/gcc/arm-none-eabi/14.2.0/../../../../arm-none-eabi/lib/thumb/v6-m/nofp/libc_nano.a(libc_a-fflush.o)
__sread                                           /usr/lib/gcc/arm-none-eabi/14.2.0/../../../../arm-none-eabi/lib/thumb/v6-m/nofp/libc_nano.a(libc_a-stdio.o)
                                                  /usr/lib/gcc/arm-none-eabi/14.2.0/../../../../arm-none-eabi/lib/thumb/v6-m/nofp/libc_nano.a(libc_a-findfp.o)
__sseek                                           /usr/lib/gcc/arm-none-eabi/14.2.0/../../../../arm-none-eabi/lib/thumb/v6-m/nofp/libc_nano.a(libc_a-stdio.o)
                                                  /usr/lib/gcc/arm-none-eabi/14.2.0/../../../../arm-none-eabi/lib/thumb/v6-m/nofp/libc_nano.a(libc_a-findfp.o)
__stack                                           /usr/lib/gcc/arm-none-eabi/14.2.0/../../../../arm-none-eabi/lib/thumb/v6-m/nofp/crt0.o
__stdio_exit_handler                              /usr/lib/gcc/arm-none-eabi/14.2.0/../../../../arm-none-eabi/lib/thumb/v6-m/nofp/libc_nano.a(libc_a-findfp.o)
                                                  /usr/lib/gcc/arm-none-eabi/14.2.0/../../../../arm-none-eabi/lib/thumb/v6-m/nofp/libc_nano.a(libc_a-exit.o)
__swrite                                          /usr/lib/gcc/arm-none-eabi/14.2.0/../../../../arm-none-eabi/lib/thumb/v6-m/nofp/libc_nano.a(libc_a-stdio.o)
                                                  /usr/lib/gcc/arm-none-eabi/14.2.0/../../../../arm-none-eabi/lib/thumb/v6-m/nofp/libc_nano.a(libc_a-findfp.o)
__udivsi3                                         /usr/lib/gcc/arm-none-eabi/14.2.0/thumb/v6-m/nofp/libgcc.a(_udivsi3.o)
_close                                            build/debug/syscalls.o
                                                  /usr/lib/gcc/arm-none-eabi/14.2.0/../../../../arm-none-eabi/lib/thumb/v6-m/nofp/libc_nano.a(libc_a-closer.o)
_close_r                                          /usr/lib/gcc/arm-none-eabi/14.2.0/../../../../arm-none-eabi/lib/thumb/v6-m/nofp/libc_nano.a(libc_a-closer.o)
                                                  /usr/lib/gcc/arm-none-eabi/14.2.0/../../../../arm-none-eabi/lib/thumb/v6-m/nofp/libc_nano.a(libc_a-stdio.o)
_ebss                                             build/debug/startup_stm32c031xx.o
_edata                                            build/debug/startup_stm32c031xx.o
_end                                              build/debug/sysmem.o
_estack                                           build/debug/startup_stm32c031xx.o
                                                  build/debug/sysmem.o
_execve                                           build/debug/syscalls.o
_exit                                             build/debug/syscalls.o
                                                  /usr/lib/gcc/arm-none-eabi/14.2.0/../../../../arm-none-eabi/lib/thumb/v6-m/nofp/libc_nano.a(libc_a-exit.o)
_fflush_r                                         /usr/lib/gcc/arm-none-eabi/14.2.0/../../../../arm-none-eabi/lib/thumb/v6-m/nofp/libc_nano.a(libc_a-fflush.o)
                                                  /usr/lib/gcc/arm-none-eabi/14.2.0/../../../../arm-none-eabi/lib/thumb/v6-m/nofp/libc_nano.a(libc_a-findfp.o)
_fini                                             /usr/lib/gcc/arm-none-eabi/14.2.0/thumb/v6-m/nofp/crti.o
                                                  /usr/lib/gcc/arm-none-eabi/14.2.0/../../../../arm-none-eabi/lib/thumb/v6-m/nofp/libc_nano.a(libc_a-fini.o)
_fork                                             build/debug/syscalls.o
_free_r                                           /usr/lib/gcc/arm-none-eabi/14.2.0/../../../../arm-none-eabi/lib/thumb/v6-m/nofp/libc_nano.a(libc_a-freer.o)
                                                  /usr/lib/gcc/arm-none-eabi/14.2.0/../../../../arm-none-eabi/lib/thumb/v6-m/nofp/libc_nano.a(libc_a-fflush.o)
                                                  /usr/lib/gcc/arm-none-eabi/14.2.0/../../../../arm-none-eabi/lib/thumb/v6-m/nofp/libc_nano.a(libc_a-reent.o)
_fstat                                            build/debug/syscalls.o
_fwalk_sglue                                      /usr/lib/gcc/arm-none-eabi/14.2.0/../../../../arm-none-eabi/lib/thumb/v6-m/nofp/libc_nano.a(libc_a-fwalk.o)
                                                  /usr/lib/gcc/arm-none-eabi/14.2.0/../../../../arm-none-eabi/lib/thumb/v6-m/nofp/libc_nano.a(libc_a-fflush.o)
                                                  /usr/lib/gcc/arm-none-eabi/14.2.0/../../../../arm-none-eabi/lib/thumb/v6-m/nofp/libc_nano.a(libc_a-findfp.o)
_getpid                                           build/debug/syscalls.o
_impure_data                                      /usr/lib/gcc/arm-none-eabi/14.2.0/../../../../arm-none-eabi/lib/thumb/v6-m/nofp/libc_nano.a(libc_a-impure.o)
                                                  /usr/lib/gcc/arm-none-eabi/14.2.0/../../../../arm-none-eabi/lib/thumb/v6-m/nofp/libc_nano.a(libc_a-fflush.o)
                                                  /usr/lib/gcc/arm-none-eabi/14.2.0/../../../../arm-none-eabi/lib/thumb/v6-m/nofp/libc_nano.a(libc_a-findfp.o)
_impure_ptr                                       /usr/lib/gcc/arm-none-eabi/14.2.0/../../../../arm-none-eabi/lib/thumb/v6-m/nofp/libc_nano.a(libc_a-impure.o)
                                                  /usr/lib/gcc/arm-none-eabi/14.2.0/../../../../arm-none-eabi/lib/thumb/v6-m/nofp/libc_nano.a(libc_a-fflush.o)
                                                  /usr/lib/gcc/arm-none-eabi/14.2.0/../../../../arm-none-eabi/lib/thumb/v6-m/nofp/libc_nano.a(libc_a-errno.o)
                                                  /usr/lib/gcc/arm-none-eabi/14.2.0/../../../../arm-none-eabi/lib/thumb/v6-m/nofp/libc_nano.a(libc_a-reent.o)
_init                                             /usr/lib/gcc/arm-none-eabi/14.2.0/thumb/v6-m/nofp/crti.o
                                                  /usr/lib/gcc/arm-none-eabi/14.2.0/../../../../arm-none-eabi/lib/thumb/v6-m/nofp/libc_nano.a(libc_a-init.o)
_isatty                                           build/debug/syscalls.o
_kill                                             build/debug/syscalls.o
_link                                             build/debug/syscalls.o
_lseek                                            build/debug/syscalls.o
                                                  /usr/lib/gcc/arm-none-eabi/14.2.0/../../../../arm-none-eabi/lib/thumb/v6-m/nofp/libc_nano.a(libc_a-lseekr.o)
_lseek_r                                          /usr/lib/gcc/arm-none-eabi/14.2.0/../../../../arm-none-eabi/lib/thumb/v6-m/nofp/libc_nano.a(libc_a-lseekr.o)
                                                  /usr/lib/gcc/arm-none-eabi/14.2.0/../../../../arm-none-eabi/lib/thumb/v6-m/nofp/libc_nano.a(libc_a-stdio.o)
_mainCRTStartup                                   /usr/lib/gcc/arm-none-eabi/14.2.0/../../../../arm-none-eabi/lib/thumb/v6-m/nofp/crt0.o
_malloc_r                                         /usr/lib/gcc/arm-none-eabi/14.2.0/../../../../arm-none-eabi/lib/thumb/v6-m/nofp/libc_nano.a(libc_a-mallocr.o)
                                                  /usr/lib/gcc/arm-none-eabi/14.2.0/../../../../arm-none-eabi/lib/thumb/v6-m/nofp/libc_nano.a(libc_a-findfp.o)
_open                                             build/debug/syscalls.o
_read                                             build/debug/syscalls.o
                                                  /usr/lib/gcc/arm-none-eabi/14.2.0/../../../../arm-none-eabi/lib/thumb/v6-m/nofp/libc_nano.a(libc_a-readr.o)
_read_r                                           /usr/lib/gcc/arm-none-eabi/14.2.0/../../../../arm-none-eabi/lib/thumb/v6-m/nofp/libc_nano.a(libc_a-readr.o)
                                                  /usr/lib/gcc/arm-none-eabi/14.2.0/../../../../arm-none-eabi/lib/thumb/v6-m/nofp/libc_nano.a(libc_a-stdio.o)
_reclaim_reent                                    /usr/lib/gcc/arm-none-eabi/14.2.0/../../../../arm-none-eabi/lib/thumb/v6-m/nofp/libc_nano.a(libc_a-reent.o)
_sbrk                                             build/debug/sysmem.o
                                                  /usr/lib/gcc/arm-none-eabi/14.2.0/../../../../arm-none-eabi/lib/thumb/v6-m/nofp/libc_nano.a(libc_a-sbrkr.o)
_sbrk_r                                           /usr/lib/gcc/arm-none-eabi/14.2.0/../../../../arm-none-eabi/lib/thumb/v6-m/nofp/libc_nano.a(libc_a-sbrkr.o)
                                                  /usr/lib/gcc/arm-none-eabi/14.2.0/../../../../arm-none-eabi/lib/thumb/v6-m/nofp/libc_nano.a(libc_a-mallocr.o)
_sbss                                             build/debug/startup_stm32c031xx.o
_sdata                                            build/debug/startup_stm32c031xx.o
_sidata                                           build/debug/startup_stm32c031xx.o
_stack_init                                       /usr/lib/gcc/arm-none-eabi/14.2.0/../../../../arm-none-eabi/lib/thumb/v6-m/nofp/crt0.o
_start                                            /usr/lib/gcc/arm-none-eabi/14.2.0/../../../../arm-none-eabi/lib/thumb/v6-m/nofp/crt0.o
_stat                                             build/debug/syscalls.o
_times                                            build/debug/syscalls.o
_unlink                                           build/debug/syscalls.o
_wait                                             build/debug/syscalls.o
_write                                            build/debug/syscalls.o
                                                  /usr/lib/gcc/arm-none-eabi/14.2.0/../../../../arm-none-eabi/lib/thumb/v6-m/nofp/libc_nano.a(libc_a-writer.o)
_write_r                                          /usr/lib/gcc/arm-none-eabi/14.2.0/../../../../arm-none-eabi/lib/thumb/v6-m/nofp/libc_nano.a(libc_a-writer.o)
                                                  /usr/lib/gcc/arm-none-eabi/14.2.0/../../../../arm-none-eabi/lib/thumb/v6-m/nofp/libc_nano.a(libc_a-stdio.o)
atexit                                            /usr/lib/gcc/arm-none-eabi/14.2.0/../../../../arm-none-eabi/lib/thumb/v6-m/nofp/libc_nano.a(libc_a-atexit.o)
                                                  /usr/lib/gcc/arm-none-eabi/14.2.0/../../../../arm-none-eabi/lib/thumb/v6-m/nofp/crt0.o
environ                                           build/debug/syscalls.o
errno                                             /usr/lib/gcc/arm-none-eabi/14.2.0/../../../../arm-none-eabi/lib/thumb/v6-m/nofp/libc_nano.a(libc_a-reent.o)
                                                  /usr/lib/gcc/arm-none-eabi/14.2.0/../../../../arm-none-eabi/lib/thumb/v6-m/nofp/libc_nano.a(libc_a-sbrkr.o)
                                                  /usr/lib/gcc/arm-none-eabi/14.2.0/../../../../arm-none-eabi/lib/thumb/v6-m/nofp/libc_nano.a(libc_a-writer.o)
                                                  /usr/lib/gcc/arm-none-eabi/14.2.0/../../../../arm-none-eabi/lib/thumb/v6-m/nofp/libc_nano.a(libc_a-readr.o)
                                                  /usr/lib/gcc/arm-none-eabi/14.2.0/../../../../arm-none-eabi/lib/thumb/v6-m/nofp/libc_nano.a(libc_a-lseekr.o)
                                                  /usr/lib/gcc/arm-none-eabi/14.2.0/../../../../arm-none-eabi/lib/thumb/v6-m/nofp/libc_nano.a(libc_a-closer.o)
exit                                              /usr/lib/gcc/arm-none-eabi/14.2.0/../../../../arm-none-eabi/lib/thumb/v6-m/nofp/libc_nano.a(libc_a-exit.o)
                                                  /usr/lib/gcc/arm-none-eabi/14.2.0/../../../../arm-none-eabi/lib/thumb/v6-m/nofp/crt0.o
fflush                                            /usr/lib/gcc/arm-none-eabi/14.2.0/../../../../arm-none-eabi/lib/thumb/v6-m/nofp/libc_nano.a(libc_a-fflush.o)
g_pfnVectors                                      build/debug/startup_stm32c031xx.o
hardware_init_hook                                /usr/lib/gcc/arm-none-eabi/14.2.0/../../../../arm-none-eabi/lib/thumb/v6-m/nofp/crt0.o
initialise_monitor_handles                        build/debug/syscalls.o
main                                              build/debug/main.o
                                                  build/debug/startup_stm32c031xx.o
                                                  /usr/lib/gcc/arm-none-eabi/14.2.0/../../../../arm-none-eabi/lib/thumb/v6-m/nofp/crt0.o
malloc                                            /usr/lib/gcc/arm-none-eabi/14.2.0/../../../../arm-none-eabi/lib/thumb/v6-m/nofp/libc_nano.a(libc_a-__atexit.o)
memset                                            /usr/lib/gcc/arm-none-eabi/14.2.0/../../../../arm-none-eabi/lib/thumb/v6-m/nofp/libc_nano.a(libc_a-memset.o)
                                                  /usr/lib/gcc/arm-none-eabi/14.2.0/../../../../arm-none-eabi/lib/thumb/v6-m/nofp/libc_nano.a(libc_a-findfp.o)
                                                  build/debug/main.o
                                                  /usr/lib/gcc/arm-none-eabi/14.2.0/../../../../arm-none-eabi/lib/thumb/v6-m/nofp/crt0.o
pFlash                                            build/debug/stm32c0xx_hal_flash.o
                                                  build/debug/stm32c0xx_hal_flash_ex.o
software_init_hook                                /usr/lib/gcc/arm-none-eabi/14.2.0/../../../../arm-none-eabi/lib/thumb/v6-m/nofp/crt0.o
uwTick                                            build/debug/stm32c0xx_hal.o
uwTickFreq                                        build/debug/stm32c0xx_hal.o
uwTickPrio                                        build/debug/stm32c0xx_hal.o
                                                  build/debug/stm32c0xx_hal_rcc.o
